2026-07-07 11:14:59 [INFO] __main__: Режим CI: увеличенные таймауты.
2026-07-07 11:14:59 [INFO] __main__: Запуск парсера отелей...
2026-07-07 11:14:59 [INFO] __main__: Даты бронирования: 08.07.2026 - 09.07.2026
2026-07-07 11:15:00 [INFO] __main__: --- Страница 1 --- https://tvil.ru/city/irkutskaya-oblast/?gp%5Bentity_type%5D%5B0%5D=1&o%5Barrival%5D=2026-07-08&o%5Bdeparture%5D=2026-07-09&o%5BmaleCount%5D=1
2026-07-07 11:15:09 [INFO] __main__: meta.total = 61
2026-07-07 11:15:09 [INFO] __main__: Перехвачено 20 отелей. Всего: 20
2026-07-07 11:15:10 [INFO] __main__: --- Страница 2 --- https://tvil.ru/city/irkutskaya-oblast/page2/?gp%5Bentity_type%5D%5B0%5D=1&o%5Barrival%5D=2026-07-08&o%5Bdeparture%5D=2026-07-09&o%5BmaleCount%5D=1
2026-07-07 11:15:13 [INFO] __main__: Перехвачено 20 отелей. Всего: 40
2026-07-07 11:15:14 [INFO] __main__: --- Страница 3 --- https://tvil.ru/city/irkutskaya-oblast/page3/?gp%5Bentity_type%5D%5B0%5D=1&o%5Barrival%5D=2026-07-08&o%5Bdeparture%5D=2026-07-09&o%5BmaleCount%5D=1
2026-07-07 11:15:17 [INFO] __main__: Перехвачено 20 отелей. Всего: 60
2026-07-07 11:15:18 [INFO] __main__: --- Страница 4 --- https://tvil.ru/city/irkutskaya-oblast/page4/?gp%5Bentity_type%5D%5B0%5D=1&o%5Barrival%5D=2026-07-08&o%5Bdeparture%5D=2026-07-09&o%5BmaleCount%5D=1
2026-07-07 11:15:21 [INFO] __main__: Перехвачено 1 отелей. Всего: 61
2026-07-07 11:15:22 [INFO] __main__: Набрано 61, meta.total = 61
2026-07-07 11:15:22 [INFO] __main__: Сохранено 61 отелей в /home/runner/work/tvil-parser/tvil-parser/daily/hotels/2026-07-07.csv
2026-07-07 11:15:22 [INFO] __main__: Парсинг завершён. Всего обработано 61 отелей.
2026-07-07 11:15:22 [INFO] __main__: Каталог сохранён: 72 отелей → /home/runner/work/tvil-parser/tvil-parser/catalog/hotels.csv
2026-07-07 11:15:22 [INFO] __main__: Каталог обновлён: всего 72, новых 0
2026-07-07 11:15:24 [INFO] __main__: Запуск парсера номеров...
2026-07-07 11:15:24 [INFO] __main__: Даты бронирования: 08.07.2026 - 09.07.2026
2026-07-07 11:15:24 [INFO] __main__: Загружено 61 отелей для обработки
2026-07-07 11:15:25 [INFO] __main__: Перехожу на страницу tvil.ru...
2026-07-07 11:15:29 [INFO] __main__: --- Отель 1 из 61 ---
2026-07-07 11:15:29 [INFO] __main__: Обрабатываю отель: Гостиница "Ангара" (ID: 1435824)
2026-07-07 11:15:34 [INFO] __main__: Найдено 7 номеров для Гостиница "Ангара"
2026-07-07 11:15:34 [INFO] __main__: --- Отель 2 из 61 ---
2026-07-07 11:15:34 [INFO] __main__: Обрабатываю отель: Гостиница "Матрёшка" (ID: 906031)
2026-07-07 11:15:38 [INFO] __main__: Найдено 6 номеров для Гостиница "Матрёшка"
2026-07-07 11:15:38 [INFO] __main__: --- Отель 3 из 61 ---
2026-07-07 11:15:38 [INFO] __main__: Обрабатываю отель: Отель "Байкал Бизнес Центр" (ID: 1265180)
2026-07-07 11:15:43 [INFO] __main__: Найдено 6 номеров для Отель "Байкал Бизнес Центр"
2026-07-07 11:15:43 [INFO] __main__: --- Отель 4 из 61 ---
2026-07-07 11:15:43 [INFO] __main__: Обрабатываю отель: Гостиница "На Звездинской" (ID: 1328740)
2026-07-07 11:15:47 [INFO] __main__: Найдено 3 номеров для Гостиница "На Звездинской"
2026-07-07 11:15:47 [INFO] __main__: --- Отель 5 из 61 ---
2026-07-07 11:15:47 [INFO] __main__: Обрабатываю отель: Гостиница "Русь" (ID: 1296851)
2026-07-07 11:15:51 [INFO] __main__: Найдено 5 номеров для Гостиница "Русь"
2026-07-07 11:15:51 [INFO] __main__: --- Отель 6 из 61 ---
2026-07-07 11:15:51 [INFO] __main__: Обрабатываю отель: Апарт -отель "BaikalStory " (ID: 1845315)
2026-07-07 11:15:56 [INFO] __main__: Найдено 8 номеров для Апарт -отель "BaikalStory "
2026-07-07 11:15:56 [INFO] __main__: --- Отель 7 из 61 ---
2026-07-07 11:15:56 [INFO] __main__: Обрабатываю отель: Мини-отель "Проспект" (ID: 1889753)
2026-07-07 11:16:00 [INFO] __main__: Найдено 2 номеров для Мини-отель "Проспект"
2026-07-07 11:16:00 [INFO] __main__: --- Отель 8 из 61 ---
2026-07-07 11:16:00 [INFO] __main__: Обрабатываю отель: Гостиница "Юбилейная" (ID: 1490581)
2026-07-07 11:16:04 [INFO] __main__: Найдено 6 номеров для Гостиница "Юбилейная"
2026-07-07 11:16:04 [INFO] __main__: --- Отель 9 из 61 ---
2026-07-07 11:16:04 [INFO] __main__: Обрабатываю отель: Гостиница "7 дорог" (ID: 1462849)
2026-07-07 11:16:09 [INFO] __main__: Найдено 9 номеров для Гостиница "7 дорог"
2026-07-07 11:16:09 [INFO] __main__: --- Отель 10 из 61 ---
2026-07-07 11:16:09 [INFO] __main__: Обрабатываю отель: Апарт-отель "Sokolov Hotel" (ID: 1009170)
2026-07-07 11:16:14 [INFO] __main__: Найдено 9 номеров для Апарт-отель "Sokolov Hotel"
2026-07-07 11:16:14 [INFO] __main__: --- Отель 11 из 61 ---
2026-07-07 11:16:14 [INFO] __main__: Обрабатываю отель: Бутик-отель "География" (ID: 1298063)
2026-07-07 11:16:18 [INFO] __main__: Найдено 5 номеров для Бутик-отель "География"
2026-07-07 11:16:18 [INFO] __main__: --- Отель 12 из 61 ---
2026-07-07 11:16:18 [INFO] __main__: Обрабатываю отель: Гостиница "Ochagof" (ID: 787596)
2026-07-07 11:16:21 [INFO] __main__: Найдено 2 номеров для Гостиница "Ochagof"
2026-07-07 11:16:21 [INFO] __main__: --- Отель 13 из 61 ---
2026-07-07 11:16:21 [INFO] __main__: Обрабатываю отель: Отель "Маяк" (ID: 1000539)
2026-07-07 11:16:24 [INFO] __main__: Найдено 5 номеров для Отель "Маяк"
2026-07-07 11:16:24 [INFO] __main__: --- Отель 14 из 61 ---
2026-07-07 11:16:24 [INFO] __main__: Обрабатываю отель: Отель "Гранд Байкал" (ID: 1277758)
2026-07-07 11:16:28 [INFO] __main__: Найдено 3 номеров для Отель "Гранд Байкал"
2026-07-07 11:16:28 [INFO] __main__: --- Отель 15 из 61 ---
2026-07-07 11:16:28 [INFO] __main__: Обрабатываю отель: Отель "Байкал Хан Ольхон" (ID: 1372499)
2026-07-07 11:16:32 [INFO] __main__: Найдено 5 номеров для Отель "Байкал Хан Ольхон"
2026-07-07 11:16:32 [INFO] __main__: --- Отель 16 из 61 ---
2026-07-07 11:16:32 [INFO] __main__: Обрабатываю отель: Гостиничный комплекс "Лазурный берег" (ID: 424345)
2026-07-07 11:16:35 [INFO] __main__: Найдено 3 номеров для Гостиничный комплекс "Лазурный берег"
2026-07-07 11:16:35 [INFO] __main__: --- Отель 17 из 61 ---
2026-07-07 11:16:35 [INFO] __main__: Обрабатываю отель: Отель "Даурия" (ID: 1032271)
2026-07-07 11:16:40 [INFO] __main__: Найдено 3 номеров для Отель "Даурия"
2026-07-07 11:16:40 [INFO] __main__: --- Отель 18 из 61 ---
2026-07-07 11:16:40 [INFO] __main__: Обрабатываю отель: Отель "Лотос" (ID: 946962)
2026-07-07 11:16:45 [INFO] __main__: Найдено 7 номеров для Отель "Лотос"
2026-07-07 11:16:45 [INFO] __main__: --- Отель 19 из 61 ---
2026-07-07 11:16:45 [INFO] __main__: Обрабатываю отель: Гостиница (ID: 1467982)
2026-07-07 11:16:47 [INFO] __main__: Найдено 2 номеров для Гостиница
2026-07-07 11:16:47 [INFO] __main__: --- Отель 20 из 61 ---
2026-07-07 11:16:47 [INFO] __main__: Обрабатываю отель: Гостиница Олимпиада (ID: 1690094)
2026-07-07 11:16:52 [INFO] __main__: Найдено 3 номеров для Гостиница Олимпиада
2026-07-07 11:16:52 [INFO] __main__: --- Отель 21 из 61 ---
2026-07-07 11:16:52 [INFO] __main__: Обрабатываю отель: Гостиница" Аврора" (ID: 1508283)
2026-07-07 11:16:55 [INFO] __main__: Найдено 4 номеров для Гостиница" Аврора"
2026-07-07 11:16:55 [INFO] __main__: --- Отель 22 из 61 ---
2026-07-07 11:16:55 [INFO] __main__: Обрабатываю отель: Гостиница "130Hotel" (ID: 1491765)
2026-07-07 11:16:59 [INFO] __main__: Найдено 3 номеров для Гостиница "130Hotel"
2026-07-07 11:16:59 [INFO] __main__: --- Отель 23 из 61 ---
2026-07-07 11:16:59 [INFO] __main__: Обрабатываю отель: Отель "Магистраль" (ID: 2036706)
2026-07-07 11:17:03 [INFO] __main__: Найдено 6 номеров для Отель "Магистраль"
2026-07-07 11:17:03 [INFO] __main__: --- Отель 24 из 61 ---
2026-07-07 11:17:03 [INFO] __main__: Обрабатываю отель: Отель "Иркут" (ID: 1609403)
2026-07-07 11:17:07 [INFO] __main__: Найдено 7 номеров для Отель "Иркут"
2026-07-07 11:17:07 [INFO] __main__: --- Отель 25 из 61 ---
2026-07-07 11:17:07 [INFO] __main__: Обрабатываю отель: Гостиница "Добрый Кот" (ID: 1390225)
2026-07-07 11:17:12 [WARNING] __main__: Не удалось получить данные для Гостиница "Добрый Кот"
2026-07-07 11:17:12 [INFO] __main__: --- Отель 26 из 61 ---
2026-07-07 11:17:12 [INFO] __main__: Обрабатываю отель: Гостиница "Ангара-Приоритет" (ID: 1314294)
2026-07-07 11:17:15 [WARNING] __main__: Не удалось получить данные для Гостиница "Ангара-Приоритет"
2026-07-07 11:17:15 [INFO] __main__: --- Отель 27 из 61 ---
2026-07-07 11:17:15 [INFO] __main__: Обрабатываю отель: Апарт-отель "Светлый" (ID: 1655828)
2026-07-07 11:17:19 [ERROR] __main__: Ошибка при получении данных о номерах: Page.evaluate: Execution context was destroyed, most likely because of a navigation
2026-07-07 11:17:21 [WARNING] __main__: Не удалось получить данные для Апарт-отель "Светлый"
2026-07-07 11:17:21 [INFO] __main__: --- Отель 28 из 61 ---
2026-07-07 11:17:21 [INFO] __main__: Обрабатываю отель: Отель "Яковлевъ" (ID: 1367731)
2026-07-07 11:17:25 [INFO] __main__: Найдено 4 номеров для Отель "Яковлевъ"
2026-07-07 11:17:25 [INFO] __main__: --- Отель 29 из 61 ---
2026-07-07 11:17:25 [INFO] __main__: Обрабатываю отель: Отель "Атлас" (ID: 1367592)
2026-07-07 11:17:29 [INFO] __main__: Найдено 5 номеров для Отель "Атлас"
2026-07-07 11:17:29 [INFO] __main__: --- Отель 30 из 61 ---
2026-07-07 11:17:29 [INFO] __main__: Обрабатываю отель: Парк-Отель "Шелест" (ID: 1851647)
2026-07-07 11:17:33 [INFO] __main__: Найдено 2 номеров для Парк-Отель "Шелест"
2026-07-07 11:17:33 [INFO] __main__: --- Отель 31 из 61 ---
2026-07-07 11:17:33 [INFO] __main__: Обрабатываю отель: Отель "Клубный Квартал" (ID: 1265779)
2026-07-07 11:17:37 [INFO] __main__: Найдено 3 номеров для Отель "Клубный Квартал"
2026-07-07 11:17:37 [INFO] __main__: --- Отель 32 из 61 ---
2026-07-07 11:17:37 [INFO] __main__: Обрабатываю отель: Отель "Тайга" (ID: 1296594)
2026-07-07 11:17:41 [INFO] __main__: Найдено 6 номеров для Отель "Тайга"
2026-07-07 11:17:41 [INFO] __main__: --- Отель 33 из 61 ---
2026-07-07 11:17:41 [INFO] __main__: Обрабатываю отель: Отель "Подлеморье" (ID: 1892012)
2026-07-07 11:17:45 [INFO] __main__: Найдено 4 номеров для Отель "Подлеморье"
2026-07-07 11:17:45 [INFO] __main__: --- Отель 34 из 61 ---
2026-07-07 11:17:45 [INFO] __main__: Обрабатываю отель: Гостиница "Байкал Форест" (ID: 1472664)
2026-07-07 11:17:49 [INFO] __main__: Найдено 4 номеров для Гостиница "Байкал Форест"
2026-07-07 11:17:49 [INFO] __main__: --- Отель 35 из 61 ---
2026-07-07 11:17:49 [INFO] __main__: Обрабатываю отель: Отель "Точка Байкала" (ID: 1913029)
2026-07-07 11:17:53 [INFO] __main__: Найдено 2 номеров для Отель "Точка Байкала"
2026-07-07 11:17:53 [INFO] __main__: --- Отель 36 из 61 ---
2026-07-07 11:17:53 [INFO] __main__: Обрабатываю отель: Отель "Михаил Строгов" (ID: 904225)
2026-07-07 11:17:57 [INFO] __main__: Найдено 6 номеров для Отель "Михаил Строгов"
2026-07-07 11:17:57 [INFO] __main__: --- Отель 37 из 61 ---
2026-07-07 11:17:57 [INFO] __main__: Обрабатываю отель: Бутик-отель "Аристократ" (ID: 1343236)
2026-07-07 11:18:01 [INFO] __main__: Найдено 3 номеров для Бутик-отель "Аристократ"
2026-07-07 11:18:01 [INFO] __main__: --- Отель 38 из 61 ---
2026-07-07 11:18:01 [INFO] __main__: Обрабатываю отель: Отель Армат 4* (ID: 1441288)
2026-07-07 11:18:05 [INFO] __main__: Найдено 6 номеров для Отель Армат 4*
2026-07-07 11:18:05 [INFO] __main__: --- Отель 39 из 61 ---
2026-07-07 11:18:05 [INFO] __main__: Обрабатываю отель: Парк-отель "Бурдугуз" (ID: 1276636)
2026-07-07 11:18:09 [INFO] __main__: Найдено 3 номеров для Парк-отель "Бурдугуз"
2026-07-07 11:18:09 [INFO] __main__: --- Отель 40 из 61 ---
2026-07-07 11:18:09 [INFO] __main__: Обрабатываю отель: Гостиница "Азия-Европа" (ID: 2063101)
2026-07-07 11:18:13 [INFO] __main__: Найдено 5 номеров для Гостиница "Азия-Европа"
2026-07-07 11:18:13 [INFO] __main__: --- Отель 41 из 61 ---
2026-07-07 11:18:13 [INFO] __main__: Обрабатываю отель: Гостиница "Спектр" (ID: 1019043)
2026-07-07 11:18:16 [INFO] __main__: Найдено 3 номеров для Гостиница "Спектр"
2026-07-07 11:18:16 [INFO] __main__: --- Отель 42 из 61 ---
2026-07-07 11:18:16 [INFO] __main__: Обрабатываю отель: Гостиница "Автовокзал" (ID: 2112642)
2026-07-07 11:18:19 [INFO] __main__: Найдено 4 номеров для Гостиница "Автовокзал"
2026-07-07 11:18:19 [INFO] __main__: --- Отель 43 из 61 ---
2026-07-07 11:18:19 [INFO] __main__: Обрабатываю отель: Отель" Арбат" (ID: 1632075)
2026-07-07 11:18:23 [INFO] __main__: Найдено 4 номеров для Отель" Арбат"
2026-07-07 11:18:23 [INFO] __main__: --- Отель 44 из 61 ---
2026-07-07 11:18:23 [INFO] __main__: Обрабатываю отель: Гостиница "У Истока" (ID: 1382100)
2026-07-07 11:18:27 [INFO] __main__: Найдено 2 номеров для Гостиница "У Истока"
2026-07-07 11:18:27 [INFO] __main__: --- Отель 45 из 61 ---
2026-07-07 11:18:27 [INFO] __main__: Обрабатываю отель: Доходный дом "М.А. Листратовой" (ID: 1129766)
2026-07-07 11:18:31 [INFO] __main__: Найдено 7 номеров для Доходный дом "М.А. Листратовой"
2026-07-07 11:18:31 [INFO] __main__: --- Отель 46 из 61 ---
2026-07-07 11:18:31 [INFO] __main__: Обрабатываю отель: Гостиница "Usadba 50 ( Усадьба 50)" (ID: 1048431)
2026-07-07 11:18:36 [INFO] __main__: Найдено 8 номеров для Гостиница "Usadba 50 ( Усадьба 50)"
2026-07-07 11:18:36 [INFO] __main__: --- Отель 47 из 61 ---
2026-07-07 11:18:36 [INFO] __main__: Обрабатываю отель: Гостиница «Усадьба Егорова» (ID: 2032078)
2026-07-07 11:18:40 [INFO] __main__: Найдено 6 номеров для Гостиница «Усадьба Егорова»
2026-07-07 11:18:40 [INFO] __main__: --- Отель 48 из 61 ---
2026-07-07 11:18:40 [INFO] __main__: Обрабатываю отель: Отель "Белый Берег" (ID: 1785783)
2026-07-07 11:18:43 [INFO] __main__: Найдено 2 номеров для Отель "Белый Берег"
2026-07-07 11:18:43 [INFO] __main__: --- Отель 49 из 61 ---
2026-07-07 11:18:43 [INFO] __main__: Обрабатываю отель: Отель "Звезда" (ID: 425543)
2026-07-07 11:18:46 [INFO] __main__: Найдено 4 номеров для Отель "Звезда"
2026-07-07 11:18:46 [INFO] __main__: --- Отель 50 из 61 ---
2026-07-07 11:18:46 [INFO] __main__: Обрабатываю отель: Гостиница "Байкал - Северное море" (ID: 1378154)
2026-07-07 11:18:50 [INFO] __main__: Найдено 7 номеров для Гостиница "Байкал - Северное море"
2026-07-07 11:18:50 [INFO] __main__: --- Отель 51 из 61 ---
2026-07-07 11:18:50 [INFO] __main__: Обрабатываю отель: Бутик-отель "Маруся" (ID: 898794)
2026-07-07 11:18:54 [INFO] __main__: Найдено 5 номеров для Бутик-отель "Маруся"
2026-07-07 11:18:54 [INFO] __main__: --- Отель 52 из 61 ---
2026-07-07 11:18:54 [INFO] __main__: Обрабатываю отель: Отель "Купеческий Дворъ" (ID: 767249)
2026-07-07 11:18:59 [INFO] __main__: Найдено 7 номеров для Отель "Купеческий Дворъ"
2026-07-07 11:18:59 [INFO] __main__: --- Отель 53 из 61 ---
2026-07-07 11:18:59 [INFO] __main__: Обрабатываю отель: Отель"NUUR HOTEL" (ID: 1979910)
2026-07-07 11:19:03 [INFO] __main__: Найдено 6 номеров для Отель"NUUR HOTEL"
2026-07-07 11:19:03 [INFO] __main__: --- Отель 54 из 61 ---
2026-07-07 11:19:03 [INFO] __main__: Обрабатываю отель: Отель «Байкал-Аляска» (ID: 1899852)
2026-07-07 11:19:06 [INFO] __main__: Найдено 2 номеров для Отель «Байкал-Аляска»
2026-07-07 11:19:06 [INFO] __main__: --- Отель 55 из 61 ---
2026-07-07 11:19:06 [INFO] __main__: Обрабатываю отель: Гостиница "BAIKAL VIEW" (ID: 1802586)
2026-07-07 11:19:10 [INFO] __main__: Найдено 3 номеров для Гостиница "BAIKAL VIEW"
2026-07-07 11:19:10 [INFO] __main__: --- Отель 56 из 61 ---
2026-07-07 11:19:10 [INFO] __main__: Обрабатываю отель: Гостиница (ID: 1345611)
2026-07-07 11:19:14 [INFO] __main__: Найдено 5 номеров для Гостиница
2026-07-07 11:19:14 [INFO] __main__: --- Отель 57 из 61 ---
2026-07-07 11:19:14 [INFO] __main__: Обрабатываю отель: Гостиница  "Воробьевы горы" (ID: 1390108)
2026-07-07 11:19:18 [INFO] __main__: Найдено 5 номеров для Гостиница  "Воробьевы горы"
2026-07-07 11:19:18 [INFO] __main__: --- Отель 58 из 61 ---
2026-07-07 11:19:18 [INFO] __main__: Обрабатываю отель: Отель Амурский (ID: 1335449)
2026-07-07 11:19:22 [WARNING] __main__: Не удалось получить данные для Отель Амурский
2026-07-07 11:19:22 [INFO] __main__: --- Отель 59 из 61 ---
2026-07-07 11:19:22 [INFO] __main__: Обрабатываю отель: Дача БайкалЭко (ID: 1450305)
2026-07-07 11:19:26 [ERROR] __main__: Ошибка при получении данных о номерах: Page.evaluate: Execution context was destroyed, most likely because of a navigation
2026-07-07 11:19:28 [WARNING] __main__: Не удалось получить данные для Дача БайкалЭко
2026-07-07 11:19:28 [INFO] __main__: --- Отель 60 из 61 ---
2026-07-07 11:19:28 [INFO] __main__: Обрабатываю отель: Гостиница "Малый отель" (ID: 2110558)
2026-07-07 11:19:32 [INFO] __main__: Найдено 5 номеров для Гостиница "Малый отель"
2026-07-07 11:19:32 [INFO] __main__: --- Отель 61 из 61 ---
2026-07-07 11:19:32 [INFO] __main__: Обрабатываю отель: Отель "Усадьба 1901" (ID: 2131235)
2026-07-07 11:19:36 [INFO] __main__: Найдено 5 номеров для Отель "Усадьба 1901"
2026-07-07 11:19:36 [INFO] __main__: Сохранено 262 номеров в /home/runner/work/tvil-parser/tvil-parser/daily/rooms/2026-07-07.csv
2026-07-07 11:19:36 [INFO] __main__: Парсинг завершён. Всего обработано 262 номеров.
2026-07-07 11:19:38 [INFO] __main__: Статистика сохранена в /home/runner/work/tvil-parser/tvil-parser/daily/statistics/2026-07-07.csv
2026-07-07 11:19:38 [INFO] __main__: Обработано 61 отелей
